#-----------------------------------------------------------
# Vivado v2020.1 (64-bit)
# SW Build 2902540 on Wed May 27 19:54:35 MDT 2020
# IP Build 2902112 on Wed May 27 22:43:36 MDT 2020
# Start of session at: Fri Mar 17 13:38:45 2023
# Process ID: 36660
# Current directory: /media/jeffee/T7/vivado
# Command line: vivado
# Log file: /media/jeffee/T7/vivado/vivado.log
# Journal file: /media/jeffee/T7/vivado/vivado.jou
#-----------------------------------------------------------
start_gui
open_project /media/jeffee/T7/vivado/UART/UART.xpr
update_compile_order -fileset sources_1
update_compile_order -fileset sim_1
update_compile_order -fileset sources_1
update_compile_order -fileset sim_1
launch_simulation
source uart_rx_TB.tcl
# Disabling source management mode.  This is to allow the top design properties to be set without GUI intervention.
set_property source_mgmt_mode None [current_project]
set_property top uart_top_TB [get_filesets sim_1]
set_property top_lib xil_defaultlib [get_filesets sim_1]
# Re-enabling previously disabled source management mode.
set_property source_mgmt_mode All [current_project]
update_compile_order -fileset sim_1
launch_simulation
source uart_top_TB.tcl
close_sim
launch_simulation
source uart_top_TB.tcl
reset_run synth_1
update_module_reference uart_uart_top_0_0
launch_runs synth_1 -jobs 2
wait_on_run synth_1
add_files -norecurse /media/jeffee/T7/vivado/UART/UART.srcs/sources_1/new/Debounce_Switch.v
update_compile_order -fileset sources_1
export_ip_user_files -of_objects  [get_files /media/jeffee/T7/vivado/UART/UART.srcs/sources_1/new/Debounce_Switch.v] -no_script -reset -force -quiet
remove_files  /media/jeffee/T7/vivado/UART/UART.srcs/sources_1/new/Debounce_Switch.v
update_module_reference uart_Debounce_Switch_0_0
export_ip_user_files -of_objects  [get_files /media/jeffee/T7/vivado/UART/UART.srcs/sources_1/new/Debounce_Switch.v] -no_script -reset -force -quiet
remove_files  -fileset sim_1 /media/jeffee/T7/vivado/UART/UART.srcs/sources_1/new/Debounce_Switch.v
add_files -norecurse /media/jeffee/T7/vivado/UART/UART.srcs/sources_1/new/Debounce_Switch.v
update_compile_order -fileset sources_1
close_sim
launch_simulation
source uart_top_TB.tcl
reset_run synth_1
launch_runs synth_1 -jobs 2
wait_on_run synth_1
launch_runs impl_1 -jobs 2
wait_on_run impl_1
launch_runs impl_1 -to_step write_bitstream -jobs 2
wait_on_run impl_1
open_hw_manager
connect_hw_server -allow_non_jtag
open_hw_target
set_property PROGRAM.FILE {/media/jeffee/T7/vivado/UART/UART.runs/impl_1/uart_top.bit} [get_hw_devices xc7z020_1]
current_hw_device [get_hw_devices xc7z020_1]
refresh_hw_device -update_hw_probes false [lindex [get_hw_devices xc7z020_1] 0]
set_property PROBES.FILE {} [get_hw_devices xc7z020_1]
set_property FULL_PROBES.FILE {} [get_hw_devices xc7z020_1]
set_property PROGRAM.FILE {/media/jeffee/T7/vivado/UART/UART.runs/impl_1/uart_top.bit} [get_hw_devices xc7z020_1]
program_hw_devices [get_hw_devices xc7z020_1]
refresh_hw_device [lindex [get_hw_devices xc7z020_1] 0]
set_property PROBES.FILE {} [get_hw_devices xc7z020_1]
set_property FULL_PROBES.FILE {} [get_hw_devices xc7z020_1]
set_property PROGRAM.FILE {/media/jeffee/T7/vivado/UART/UART.runs/impl_1/uart_top.bit} [get_hw_devices xc7z020_1]
program_hw_devices [get_hw_devices xc7z020_1]
refresh_hw_device [lindex [get_hw_devices xc7z020_1] 0]
refresh_hw_device [lindex [get_hw_devices xc7z020_1] 0]
set_property PROBES.FILE {} [get_hw_devices xc7z020_1]
set_property FULL_PROBES.FILE {} [get_hw_devices xc7z020_1]
set_property PROGRAM.FILE {/media/jeffee/T7/vivado/UART/UART.runs/impl_1/uart_top.bit} [get_hw_devices xc7z020_1]
program_hw_devices [get_hw_devices xc7z020_1]
refresh_hw_device [lindex [get_hw_devices xc7z020_1] 0]
update_compile_order -fileset sim_1
update_compile_order -fileset sources_1
set_property source_mgmt_mode DisplayOnly [current_project]
refresh_hw_device [lindex [get_hw_devices xc7z020_1] 0]
set_property needs_refresh false [get_runs synth_1]
set_property needs_refresh false [get_runs impl_1]
set_property needs_refresh false [get_runs uart_Debounce_Switch_0_0_synth_1]
close_sim
close_sim
close_project
